// Jest Snapshot v1, https://goo.gl/fbAQLP

exports[`AlertBanner should match snapshot 1`] = `
<div class="md-alert-banner md-alert-banner--info">
  <div class="md-alert-banner__text"></div>
  <!---->
</div>
`;
