// Jest Snapshot v1, https://goo.gl/fbAQLP

exports[`Breadcrumbs should match snapshot 1`] = `<ul class="md-breadcrumbs"></ul>`;
