// Jest Snapshot v1, https://goo.gl/fbAQLP

exports[`Sample should match snapshot 1`] = `<main class="md-sample"></main>`;
