// Jest Snapshot v1, https://goo.gl/fbAQLP

exports[`Button should match snapshot 1`] = `<button aria-label="test" alt="test" type="button" tabindex="0" role="button" class="md-button md-button--36"><span class="md-button__children" style="opacity: 1;"></span></button>`;
