// Jest Snapshot v1, https://goo.gl/fbAQLP

exports[`ListItemSection should match snapshot 1`] = `<div class="md-list-item__center"></div>`;
