// Jest Snapshot v1, https://goo.gl/fbAQLP

exports[`AriaModal should match snapshot 1`] = `
<md-focus-trap-stub active="true" focustrapoptions="[object Object]">
  <div style="position: fixed; top: 0px; left: 0px; width: 100%; height: 100%; z-index: 1050; overflow-x: hidden; overflow-y: auto; text-align: center; background: rgba(0, 0, 0, 0.5); cursor: pointer;">
    <div role="dialog" id="aria-modal-dialog" aria-label="test" style="display: inline-block; text-align: left; top: 0px; max-width: 100%; cursor: default;"></div>
  </div>
</md-focus-trap-stub>
`;
