// Jest Snapshot v1, https://goo.gl/fbAQLP

exports[`Badge should match snapshot 1`] = `<div class="md-badge md-badge--undefined"></div>`;
