// Jest Snapshot v1, https://goo.gl/fbAQLP

exports[`CardSection should match snapshot 1`] = `<div class="md-card-section" id="test"></div>`;
