// Jest Snapshot v1, https://goo.gl/fbAQLP

exports[`Popover should match snapshot 1`] = `<span><button>Hello</button></span>`;
