// Jest Snapshot v1, https://goo.gl/fbAQLP

exports[`ListItem should match snapshot 1`] = `<div data-md-event-key="md-list-item-1" role="listitem" ref="navLink" tabindex="-1" eventkey="" class="md-list-item"></div>`;
