// Jest Snapshot v1, https://goo.gl/fbAQLP

exports[`Radio should match snapshot 1`] = `<div class="md-input-container md-radio"><input type="radio" id="test123" name="" tabindex="0" class="md-input md-radio__input" value=""> <label for="test123" class="md-radio__label"></label> </div>`;
