// Jest Snapshot v1, https://goo.gl/fbAQLP

exports[`Tabs should match snapshot 1`] = `
<div type="pills" class="md-tab md-tab--pills">
  <div></div>
</div>
`;
