// Jest Snapshot v1, https://goo.gl/fbAQLP

exports[`ModalBody should match snapshot 1`] = `<div class="md-modal__body"></div>`;
