// Jest Snapshot v1, https://goo.gl/fbAQLP

exports[`AlertContainer should match snapshot 1`] = `<div role="alert" class="md-alert__container md-alert__container--bottom-right"></div>`;
