// Jest Snapshot v1, https://goo.gl/fbAQLP

exports[`FocusTrap should match snapshot 1`] = `<div></div>`;
