// Jest Snapshot v1, https://goo.gl/fbAQLP

exports[`ModalFooter should match snapshot 1`] = `<div class="md-modal__footer"></div>`;
