// Jest Snapshot v1, https://goo.gl/fbAQLP

exports[`EventOverlay should match snapshot 1`] = `undefined`;
